Microchip MPLAB XC8 Compiler V2.46

Linker command line:

-W-3 --edf=D:\embedded\mc\pic\dat\20240104201356_en.msgs -cn \
  -h+dist/default/production\readvolt.production.sym \
  --cmf=dist/default/production\readvolt.production.cmf -z -Q16F877A \
  -oC:\Users\admin\AppData\Local\Temp\xcAsi6o.\driver_tmp_3.o \
  --defsym=__MPLAB_BUILD=1 --fixupoverflow=error \
  -Mdist/default/production/readvolt.production.map \
  --md=C:\Users\admin\AppData\Local\Temp\xcAsi6o.\driver_tmp_0.dat -E1 \
  -ver=XC8 Compiler --acfsm=1493 -ACODE=00h-07FFhx4 -ASTRCODE=00h-01FFFh \
  -ASTRING=00h-0FFhx32 -ACONST=00h-0FFhx32 -AENTRY=00h-0FFhx32 \
  -ACOMMON=070h-07Fh -ABANK0=020h-06Fh -ABANK1=0A0h-0EFh \
  -ABANK2=0110h-016Fh -ABANK3=0190h-01EFh \
  -ARAM=020h-06Fh,0A0h-0EFh,0110h-016Fh,0190h-01EFh \
  -AABS1=020h-07Fh,0A0h-0EFh,0110h-016Fh,0190h-01EFh -ASFR0=00h-01Fh \
  -ASFR1=080h-09Fh -ASFR2=0100h-010Fh -ASFR3=0180h-018Fh \
  -ACONFIG=02007h-02007h -DCONFIG=2 -AIDLOC=02000h-02003h -DIDLOC=2 \
  -AEEDATA=00h-0FFh/02100h -peeprom_data=EEDATA -DEEDATA=2 -DCODE=2 \
  -DSTRCODE=2 -DSTRING=2 -DCONST=2 -DENTRY=2 \
  -preset_vec=00h,intentry,sivt,init,end_init -ppowerup=CODE -pcinit=CODE \
  -pfunctab=ENTRY -k \
  C:\Users\admin\AppData\Local\Temp\xcAsi6o.\driver_tmp_12.o \
  dist/default/production\readvolt.production.o 

Object code version is 3.11

Machine type is 16F877A



                Name                               Link     Load   Length Selector   Space Scale
C:\Users\admin\AppData\Local\Temp\xcAsi6o.\driver_tmp_12.o
                end_init                              0        0        3        0       0
                config                             2007     2007        1        0       4
                idloc                              2000     2000        4        0       5
dist/default/production\readvolt.production.o
                cinit                               7EE      7EE       12      FDC       0
                config                             2007     2007        1        0       4
                idloc                              2000     2000        4        0       5
                text14                               76       76      1CF       EC       0
                text13                                B        B       27       16       0
                text12                              4A9      4A9      345      952       0
                text11                              245      245      264      48A       0
                text10                              CAB      CAB       24     1956       0
                text9                               D40      D40       78     1A80       0
                text8                                32       32       44       64       0
                text7                               D06      D06       3A     1A0C       0
                text6                               DB8      DB8       B8     1B70       0
                text5                               CCF      CCF       37     199E       0
                text4                               C77      C77        F     18EE       0
                text3                               C6B      C6B        C     18D6       0
                text2                               C60      C60        B     18C0       0
                text1                               C86      C86       12     190C       0
                maintext                            E70      E70      190     1CE0       0
                cstackBANK0                          20       20       44       20       1
                cstackCOMMON                         70       70        E       70       1
                cstackBANK1                          A0       A0       12       A0       1
                inittext                            C98      C98       13     1930       0
                dataBANK1                            B2       B2        A       A0       1
                idataBANK1                          C56      C56        A     18AC       0

TOTAL           Name                               Link     Load   Length     Space
        CLASS   CODE           
                end_init                              0        0        3         0
                cinit                               7EE      7EE       12         0
                text14                               76       76      1CF         0
                text13                                B        B       27         0
                text12                              4A9      4A9      345         0
                text11                              245      245      264         0
                text10                              CAB      CAB       24         0
                text9                               D40      D40       78         0
                text8                                32       32       44         0
                text7                               D06      D06       3A         0
                text6                               DB8      DB8       B8         0
                text5                               CCF      CCF       37         0
                text4                               C77      C77        F         0
                text3                               C6B      C6B        C         0
                text2                               C60      C60        B         0
                text1                               C86      C86       12         0
                maintext                            E70      E70      190         0
                inittext                            C98      C98       13         0
                idataBANK1                          C56      C56        A         0

        CLASS   STRCODE        

        CLASS   STRING         

        CLASS   CONST          

        CLASS   ENTRY          

        CLASS   COMMON         
                cstackCOMMON                         70       70        E         1

        CLASS   BANK0          
                cstackBANK0                          20       20       44         1

        CLASS   BANK1          
                cstackBANK1                          A0       A0       12         1
                dataBANK1                            B2       B2        A         1

        CLASS   BANK2          

        CLASS   BANK3          

        CLASS   RAM            

        CLASS   ABS1           
                abs_s1                               7E       7E        2         1

        CLASS   SFR0           

        CLASS   SFR1           

        CLASS   SFR2           

        CLASS   SFR3           

        CLASS   CONFIG         
                config                             2007     2007        1         4

        CLASS   IDLOC          
                idloc                              2000     2000        4         5

        CLASS   EEDATA         

        CLASS   HEAP           

        CLASS   STACK          



SEGMENTS        Name                           Load    Length   Top    Selector   Space  Class     Delta

                reset_vec                      000000  000003  000003         0       0  CODE        2
                text13                         00000B  000027  000032        16       0  CODE        2
                cstackBANK0                    000020  000044  000064        20       1  BANK0       1
                text8                          000032  000044  000076        64       0  CODE        2
                cstackCOMMON                   000070  00000E  00007E        70       1  COMMON      1
                cstackBANK1                    0000A0  00001C  0000BC        A0       1  BANK1       1
                text14                         000076  0001CF  000245        EC       0  CODE        2
                text11                         000245  000264  0004A9       48A       0  CODE        2
                text12                         0004A9  000345  0007EE       952       0  CODE        2
                cinit                          0007EE  000012  000800       FDC       0  CODE        2
                idataBANK1                     000C56  00000A  000C60      18AC       0  CODE        2
                text2                          000C60  00000B  000C6B      18C0       0  CODE        2
                text3                          000C6B  00000C  000C77      18D6       0  CODE        2
                text4                          000C77  00000F  000C86      18EE       0  CODE        2
                text1                          000C86  000012  000C98      190C       0  CODE        2
                inittext                       000C98  000013  000CAB      1930       0  CODE        2
                text10                         000CAB  000024  000CCF      1956       0  CODE        2
                text5                          000CCF  000037  000D06      199E       0  CODE        2
                text7                          000D06  00003A  000D40      1A0C       0  CODE        2
                text9                          000D40  000078  000DB8      1A80       0  CODE        2
                text6                          000DB8  0000B8  000E70      1B70       0  CODE        2
                maintext                       000E70  000190  001000      1CE0       0  CODE        2


UNUSED ADDRESS RANGES

        Name                Unused          Largest block    Delta
        BANK0            0064-006F              C           1
        BANK1            00BC-00EF             34           1
        BANK2            0110-016F             60           1
        BANK3            0190-01EF             60           1
        CODE             0003-000A              8           2
                         0800-0C55            456
                         1000-1FFF            800
        CONST            0003-000A              8           2
                         0800-0C55            100
                         1000-1FFF            100
        EEDATA           2100-21FF            100           2
        ENTRY            0003-000A              8           2
                         0800-0C55            100
                         1000-1FFF            100
        RAM              0064-006F              C           1
                         00BC-00EF             34
                         0110-016F             60
                         0190-01EF             60
        SFR0             0000-001F             20           1
        SFR1             0080-009F             20           1
        SFR2             0100-010F             10           1
        SFR3             0180-018F             10           1
        STRCODE          0003-000A              8           2
                         0800-0C55            456
                         1000-1FFF           1000
        STRING           0003-000A              8           2
                         0800-0C55            100
                         1000-1FFF            100

                                  Symbol Table

?__Umul8_16              cstackCOMMON 0070
?___fladd                cstackCOMMON 0070
?___fldiv                cstackBANK0  004A
?___flmul                cstackBANK0  0030
?___flsub                cstackBANK0  0028
?___fltol                cstackBANK0  004A
?___lwdiv                cstackCOMMON 0070
?___lwmod                cstackCOMMON 0070
?___xxtofl               cstackCOMMON 0070
?_read_adc               cstackCOMMON 0070
_ADCON0                  (abs)        001F
_ADCON1                  (abs)        009F
_ADFM                    (abs)        04FF
_ADON                    (abs)        00F8
_ADRESH                  (abs)        001E
_ADRESL                  (abs)        009E
_GO                      (abs)        00FA
_PORTA                   (abs)        0005
_PORTD                   (abs)        0008
_TRISA                   (abs)        0085
_TRISD                   (abs)        0088
__H__absolute__          __absolute__ 0000
__Habs1                  abs1         0000
__Hbank0                 bank0        0000
__Hbank1                 bank1        0000
__Hbank2                 bank2        0000
__Hbank3                 bank3        0000
__Hcinit                 cinit        0800
__Hclrtext               clrtext      0000
__Hcode                  code         0000
__Hcommon                common       0000
__Hconfig                config       2008
__HcstackBANK0           cstackBANK0  0000
__HcstackBANK1           cstackBANK1  0000
__HcstackCOMMON          cstackCOMMON 0000
__HdataBANK1             dataBANK1    0000
__Heeprom_data           eeprom_data  0000
__Hend_init              end_init     0003
__Hfunctab               functab      0000
__Hheap                  heap         0000
__HidataBANK1            idataBANK1   0000
__Hidloc                 idloc        2004
__Hinit                  init         0000
__Hinittext              inittext     0000
__Hintentry              intentry     0000
__Hmaintext              maintext     0000
__Hpowerup               powerup      0000
__Hram                   ram          0000
__Hreset_vec             reset_vec    0000
__Hsfr0                  sfr0         0000
__Hsfr1                  sfr1         0000
__Hsfr2                  sfr2         0000
__Hsfr3                  sfr3         0000
__Hsivt                  sivt         0000
__Hspace_0               (abs)        1000
__Hspace_1               (abs)        00BC
__Hspace_2               (abs)        0000
__Hspace_3               (abs)        0000
__Hspace_4               (abs)        400F
__Hstack                 stack        0000
__Hstrings               strings      0000
__Htext                  text         0000
__L__absolute__          __absolute__ 0000
__Labs1                  abs1         0000
__Lbank0                 bank0        0000
__Lbank1                 bank1        0000
__Lbank2                 bank2        0000
__Lbank3                 bank3        0000
__Lcinit                 cinit        07EE
__Lclrtext               clrtext      0000
__Lcode                  code         0000
__Lcommon                common       0000
__Lconfig                config       0000
__LcstackBANK0           cstackBANK0  0000
__LcstackBANK1           cstackBANK1  0000
__LcstackCOMMON          cstackCOMMON 0000
__LdataBANK1             dataBANK1    0000
__Leeprom_data           eeprom_data  0000
__Lend_init              end_init     0000
__Lfunctab               functab      0000
__Lheap                  heap         0000
__LidataBANK1            idataBANK1   0000
__Lidloc                 idloc        0000
__Linit                  init         0000
__Linittext              inittext     0000
__Lintentry              intentry     0000
__Lmaintext              maintext     0000
__Lpowerup               powerup      0000
__Lram                   ram          0000
__Lreset_vec             reset_vec    0000
__Lsfr0                  sfr0         0000
__Lsfr1                  sfr1         0000
__Lsfr2                  sfr2         0000
__Lsfr3                  sfr3         0000
__Lsivt                  sivt         0000
__Lspace_0               (abs)        0000
__Lspace_1               (abs)        0000
__Lspace_2               (abs)        0000
__Lspace_3               (abs)        0000
__Lspace_4               (abs)        0000
__Lstack                 stack        0000
__Lstrings               strings      0000
__Ltext                  text         0000
__S0                     (abs)        1000
__S1                     (abs)        00BC
__S3                     (abs)        0000
__Umul8_16               text13       000B
__Umul8_16@multiplicand  cstackCOMMON 0070
__Umul8_16@multiplier    cstackCOMMON 0078
__Umul8_16@product       cstackCOMMON 0074
__Umul8_16@word_mpld     cstackCOMMON 0076
___fladd                 text11       0245
___fladd@a               cstackCOMMON 0074
___fladd@aexp            cstackCOMMON 0079
___fladd@b               cstackCOMMON 0070
___fladd@bexp            cstackCOMMON 007A
___fladd@grs             cstackCOMMON 007B
___fladd@signs           cstackCOMMON 0078
___fldiv                 text14       0076
___fldiv@a               cstackBANK0  004A
___fldiv@aexp            cstackBANK0  0063
___fldiv@b               cstackBANK0  004E
___fldiv@bexp            cstackBANK0  0062
___fldiv@grs             cstackBANK0  005E
___fldiv@new_exp         cstackBANK0  005C
___fldiv@rem             cstackBANK0  0057
___fldiv@sign            cstackBANK0  005B
___flmul                 text12       04A9
___flmul@a               cstackBANK0  0034
___flmul@aexp            cstackBANK0  0042
___flmul@b               cstackBANK0  0030
___flmul@bexp            cstackBANK0  0043
___flmul@grs             cstackBANK0  003E
___flmul@prod            cstackBANK0  0044
___flmul@sign            cstackBANK0  003D
___flmul@temp            cstackBANK0  0048
___flsub                 text10       0CAB
___flsub@a               cstackBANK0  0028
___flsub@b               cstackBANK0  002C
___fltol                 text9        0D40
___fltol@exp1            cstackBANK0  0053
___fltol@f1              cstackBANK0  004A
___fltol@sign1           cstackBANK0  0052
___heap_hi               (abs)        0000
___heap_lo               (abs)        0000
___int_sp                stack        0000
___int_stack_hi          stack        0000
___int_stack_lo          stack        0000
___latbits               (abs)        0002
___lwdiv                 text8        0032
___lwdiv@counter         cstackCOMMON 0076
___lwdiv@dividend        cstackCOMMON 0072
___lwdiv@divisor         cstackCOMMON 0070
___lwdiv@quotient        cstackCOMMON 0074
___lwmod                 text7        0D06
___lwmod@counter         cstackCOMMON 0074
___lwmod@dividend        cstackCOMMON 0072
___lwmod@divisor         cstackCOMMON 0070
___sp                    stack        0000
___stack_hi              stack        0000
___stack_lo              stack        0000
___stackhi               (abs)        0000
___stacklo               (abs)        0000
___xxtofl                text6        0DB8
___xxtofl@arg            cstackCOMMON 007A
___xxtofl@exp            cstackCOMMON 0079
___xxtofl@sign           cstackCOMMON 0078
___xxtofl@val            cstackCOMMON 0070
__end_of__Umul8_16       text13       0032
__end_of___fladd         text11       04A9
__end_of___fldiv         text14       0245
__end_of___flmul         text12       07EE
__end_of___flsub         text10       0CCF
__end_of___fltol         text9        0DB8
__end_of___lwdiv         text8        0076
__end_of___lwmod         text7        0D40
__end_of___xxtofl        text6        0E70
__end_of__initialization cinit        07FC
__end_of_display         text5        0D06
__end_of_init_adc        text4        0C86
__end_of_init_config     text2        0C6B
__end_of_init_ssd        text3        0C77
__end_of_main            maintext     1000
__end_of_read_adc        text1        0C98
__initialization         cinit        07EE
__pcstackBANK0           cstackBANK0  0020
__pcstackBANK1           cstackBANK1  00A0
__pcstackCOMMON          cstackCOMMON 0070
__pdataBANK1             dataBANK1    00B2
__pidataBANK1            idataBANK1   0C56
__pmaintext              maintext     0E70
__ptext1                 text1        0C86
__ptext10                text10       0CAB
__ptext11                text11       0245
__ptext12                text12       04A9
__ptext13                text13       000B
__ptext14                text14       0076
__ptext2                 text2        0C60
__ptext3                 text3        0C6B
__ptext4                 text4        0C77
__ptext5                 text5        0CCF
__ptext6                 text6        0DB8
__ptext7                 text7        0D06
__ptext8                 text8        0032
__ptext9                 text9        0D40
_digit                   dataBANK1    00B2
_display                 text5        0CCF
_init_adc                text4        0C77
_init_config             text2        0C60
_init_ssd                text3        0C6B
_main                    maintext     0E70
_main$674                cstackBANK1  00A0
_nDONE                   (abs)        00FA
_read_adc                text1        0C86
btemp                    (abs)        007E
display@data             cstackCOMMON 0073
display@digit            cstackCOMMON 0074
display@wait             cstackCOMMON 0071
end_of_initialization    cinit        07FC
init_fetch0              inittext     0C98
init_ram0                inittext     0C9C
intlevel0                functab      0000
intlevel1                functab      0000
intlevel2                functab      0000
intlevel3                functab      0000
intlevel4                functab      0000
intlevel5                functab      0000
main@adc_value           cstackBANK1  00A4
main@frac_part           cstackBANK1  00AE
main@int_part            cstackBANK1  00B0
main@ssd                 cstackBANK1  00A6
main@voltage             cstackBANK1  00AA
read_adc@adc_reg_val     cstackCOMMON 0072
reset_vec                reset_vec    0000
start                    init         0000
start_initialization     cinit        07EE
wtemp0                   (abs)        007E


MODULE INFORMATION

Module		Function		Class		Link	Load	Size
../main.c
		_main          		CODE           	0E70	0000	400
		_init_config   		CODE           	0C60	0000	11

../main.c estimated size: 411

D:\embedded\mc\pic\sources\c99\common\sprcmul.c
		___flmul       		CODE           	04A9	0000	837

D:\embedded\mc\pic\sources\c99\common\sprcmul.c estimated size: 837

D:\embedded\mc\pic\sources\c99\common\sprcdiv.c
		___fldiv       		CODE           	0076	0000	463

D:\embedded\mc\pic\sources\c99\common\sprcdiv.c estimated size: 463

D:\embedded\mc\pic\sources\c99\common\lwdiv.c
		___lwdiv       		CODE           	0032	0000	68

D:\embedded\mc\pic\sources\c99\common\lwdiv.c estimated size: 68

D:\embedded\mc\pic\sources\c99\common\fltol.c
		___fltol       		CODE           	0D40	0000	120

D:\embedded\mc\pic\sources\c99\common\fltol.c estimated size: 120

D:\embedded\mc\pic\sources\c99\common\xxtofl.c
		___xxtofl      		CODE           	0DB8	0000	184

D:\embedded\mc\pic\sources\c99\common\xxtofl.c estimated size: 184

../ssd.c
		_init_ssd      		CODE           	0C6B	0000	12
		_display       		CODE           	0CCF	0000	55

../ssd.c estimated size: 67

D:\embedded\mc\pic\sources\c99\common\sprcadd.c
		___flsub       		CODE           	0CAB	0000	36
		___fladd       		CODE           	0245	0000	612

D:\embedded\mc\pic\sources\c99\common\sprcadd.c estimated size: 648

shared
		__initialization		CODE           	07EE	0000	14

shared estimated size: 14

D:\embedded\mc\pic\sources\c99\common\Umul8_16.c
		__Umul8_16     		CODE           	000B	0000	39

D:\embedded\mc\pic\sources\c99\common\Umul8_16.c estimated size: 39

D:\embedded\mc\pic\sources\c99\common\lwmod.c
		___lwmod       		CODE           	0D06	0000	58

D:\embedded\mc\pic\sources\c99\common\lwmod.c estimated size: 58

../adc.c
		_init_adc      		CODE           	0C77	0000	15
		_read_adc      		CODE           	0C86	0000	18

../adc.c estimated size: 33

